  Determining projects to restore...
  Restored C:\GitHub\MarkHazleton\RequestSpark\RequestSpark.Web\RequestSpark.Web.csproj (in 233 ms).
  Restored c:\GitHub\MarkHazleton\RequestSpark\RequestSpark.Web.Tests\RequestSpark.Web.Tests.csproj (in 233 ms).
  4 of 6 projects are up-to-date for restore.
  RequestSpark.Domain -> C:\GitHub\MarkHazleton\RequestSpark\RequestSpark.Domain\bin\Debug\net10.0\RequestSpark.Domain.dll
  RequestSpark.PostmanImport -> C:\GitHub\MarkHazleton\RequestSpark\RequestSpark.PostmanImport\bin\Debug\net10.0\RequestSpark.PostmanImport.dll
c:\GitHub\MarkHazleton\RequestSpark\RequestSpark.Domain.Tests\Models\CompareInstanceTests.cs(4,14): warning CS1591: Missing XML comment for publicly visible type or member 'CompareInstanceTests' [c:\GitHub\MarkHazleton\RequestSpark\RequestSpark.Domain.Tests\RequestSpark.Domain.Tests.csproj]
c:\GitHub\MarkHazleton\RequestSpark\RequestSpark.Domain.Tests\Models\CompareInstanceTests.cs(7,17): warning CS1591: Missing XML comment for publicly visible type or member 'CompareInstanceTests.ToString_WithNameAndUrl_ReturnsFormattedString()' [c:\GitHub\MarkHazleton\RequestSpark\RequestSpark.Domain.Tests\RequestSpark.Domain.Tests.csproj]
c:\GitHub\MarkHazleton\RequestSpark\RequestSpark.Domain.Tests\Models\CompareInstanceTests.cs(21,17): warning CS1591: Missing XML comment for publicly visible type or member 'CompareInstanceTests.IsValid_WithNameAndBaseUrl_ReturnsTrue()' [c:\GitHub\MarkHazleton\RequestSpark\RequestSpark.Domain.Tests\RequestSpark.Domain.Tests.csproj]
c:\GitHub\MarkHazleton\RequestSpark\RequestSpark.Domain.Tests\Models\CompareInstanceTests.cs(33,17): warning CS1591: Missing XML comment for publicly visible type or member 'CompareInstanceTests.IsValid_MissingName_ReturnsFalse()' [c:\GitHub\MarkHazleton\RequestSpark\RequestSpark.Domain.Tests\RequestSpark.Domain.Tests.csproj]
c:\GitHub\MarkHazleton\RequestSpark\RequestSpark.Domain.Tests\Models\CompareInstanceTests.cs(41,17): warning CS1591: Missing XML comment for publicly visible type or member 'CompareInstanceTests.IsValid_MissingBaseUrl_ReturnsFalse()' [c:\GitHub\MarkHazleton\RequestSpark\RequestSpark.Domain.Tests\RequestSpark.Domain.Tests.csproj]
c:\GitHub\MarkHazleton\RequestSpark\RequestSpark.Domain.Tests\Models\CompareInstanceTests.cs(49,17): warning CS1591: Missing XML comment for publicly visible type or member 'CompareInstanceTests.IsValid_BothMissing_ReturnsFalse()' [c:\GitHub\MarkHazleton\RequestSpark\RequestSpark.Domain.Tests\RequestSpark.Domain.Tests.csproj]
c:\GitHub\MarkHazleton\RequestSpark\RequestSpark.Domain.Tests\Models\CompareInstanceTests.cs(57,17): warning CS1591: Missing XML comment for publicly visible type or member 'CompareInstanceTests.BaseUrl_InvalidUrl_ThrowsArgumentException()' [c:\GitHub\MarkHazleton\RequestSpark\RequestSpark.Domain.Tests\RequestSpark.Domain.Tests.csproj]
c:\GitHub\MarkHazleton\RequestSpark\RequestSpark.Domain.Tests\Models\CompareInstanceTests.cs(68,17): warning CS1591: Missing XML comment for publicly visible type or member 'CompareInstanceTests.BaseUrl_ValidAbsoluteUrl_Stores()' [c:\GitHub\MarkHazleton\RequestSpark\RequestSpark.Domain.Tests\RequestSpark.Domain.Tests.csproj]
c:\GitHub\MarkHazleton\RequestSpark\RequestSpark.Domain.Tests\Models\CompareInstanceTests.cs(76,17): warning CS1591: Missing XML comment for publicly visible type or member 'CompareInstanceTests.Name_WhitespaceOnly_StoresNull()' [c:\GitHub\MarkHazleton\RequestSpark\RequestSpark.Domain.Tests\RequestSpark.Domain.Tests.csproj]
c:\GitHub\MarkHazleton\RequestSpark\RequestSpark.Domain.Tests\Models\CompareInstanceTests.cs(84,17): warning CS1591: Missing XML comment for publicly visible type or member 'CompareInstanceTests.Name_WithWhitespace_IsTrimmed()' [c:\GitHub\MarkHazleton\RequestSpark\RequestSpark.Domain.Tests\RequestSpark.Domain.Tests.csproj]
c:\GitHub\MarkHazleton\RequestSpark\RequestSpark.Domain.Tests\Models\ComparePropertyTests.cs(4,14): warning CS1591: Missing XML comment for publicly visible type or member 'ComparePropertyTests' [c:\GitHub\MarkHazleton\RequestSpark\RequestSpark.Domain.Tests\RequestSpark.Domain.Tests.csproj]
c:\GitHub\MarkHazleton\RequestSpark\RequestSpark.Domain.Tests\Models\ComparePropertyTests.cs(7,17): warning CS1591: Missing XML comment for publicly visible type or member 'ComparePropertyTests.CompareProperty_Constructor_SetsAllProperties()' [c:\GitHub\MarkHazleton\RequestSpark\RequestSpark.Domain.Tests\RequestSpark.Domain.Tests.csproj]
c:\GitHub\MarkHazleton\RequestSpark\RequestSpark.Domain.Tests\Models\ComparePropertyTests.cs(19,17): warning CS1591: Missing XML comment for publicly visible type or member 'ComparePropertyTests.CompareProperty_Constructor_NullDescription_DefaultsToEmpty()' [c:\GitHub\MarkHazleton\RequestSpark\RequestSpark.Domain.Tests\RequestSpark.Domain.Tests.csproj]
c:\GitHub\MarkHazleton\RequestSpark\RequestSpark.Domain.Tests\Models\ComparePropertyTests.cs(27,17): warning CS1591: Missing XML comment for publicly visible type or member 'ComparePropertyTests.CompareProperty_Constructor_NullKey_ThrowsArgumentNullException()' [c:\GitHub\MarkHazleton\RequestSpark\RequestSpark.Domain.Tests\RequestSpark.Domain.Tests.csproj]
c:\GitHub\MarkHazleton\RequestSpark\RequestSpark.Domain.Tests\Models\ComparePropertyTests.cs(38,17): warning CS1591: Missing XML comment for publicly visible type or member 'ComparePropertyTests.CompareProperty_Constructor_NullValue_ThrowsArgumentNullException()' [c:\GitHub\MarkHazleton\RequestSpark\RequestSpark.Domain.Tests\RequestSpark.Domain.Tests.csproj]
c:\GitHub\MarkHazleton\RequestSpark\RequestSpark.Domain.Tests\Models\ComparePropertyTests.cs(49,17): warning CS1591: Missing XML comment for publicly visible type or member 'ComparePropertyTests.CompareProperty_Constructor_NullType_ThrowsArgumentNullException()' [c:\GitHub\MarkHazleton\RequestSpark\RequestSpark.Domain.Tests\RequestSpark.Domain.Tests.csproj]
c:\GitHub\MarkHazleton\RequestSpark\RequestSpark.Domain.Tests\Models\ComparePropertyTests.cs(60,17): warning CS1591: Missing XML comment for publicly visible type or member 'ComparePropertyTests.CompareProperty_Constructor_NullName_ThrowsArgumentNullException()' [c:\GitHub\MarkHazleton\RequestSpark\RequestSpark.Domain.Tests\RequestSpark.Domain.Tests.csproj]
c:\GitHub\MarkHazleton\RequestSpark\RequestSpark.Domain.Tests\Models\CompareRequestTests.cs(5,14): warning CS1591: Missing XML comment for publicly visible type or member 'CompareRequestTests' [c:\GitHub\MarkHazleton\RequestSpark\RequestSpark.Domain.Tests\RequestSpark.Domain.Tests.csproj]
c:\GitHub\MarkHazleton\RequestSpark\RequestSpark.Domain.Tests\Models\CompareRequestTests.cs(8,17): warning CS1591: Missing XML comment for publicly visible type or member 'CompareRequestTests.CompareRequest_DefaultConstructor_CreatesInstance()' [c:\GitHub\MarkHazleton\RequestSpark\RequestSpark.Domain.Tests\RequestSpark.Domain.Tests.csproj]
c:\GitHub\MarkHazleton\RequestSpark\RequestSpark.Domain.Tests\Models\CompareRequestTests.cs(19,17): warning CS1591: Missing XML comment for publicly visible type or member 'CompareRequestTests.CompareRequest_Path_TrimsWhitespace()' [c:\GitHub\MarkHazleton\RequestSpark\RequestSpark.Domain.Tests\RequestSpark.Domain.Tests.csproj]
c:\GitHub\MarkHazleton\RequestSpark\RequestSpark.Domain.Tests\Models\CompareRequestTests.cs(27,17): warning CS1591: Missing XML comment for publicly visible type or member 'CompareRequestTests.CompareRequest_Path_WhitespaceOnly_StoresNull()' [c:\GitHub\MarkHazleton\RequestSpark\RequestSpark.Domain.Tests\RequestSpark.Domain.Tests.csproj]
c:\GitHub\MarkHazleton\RequestSpark\RequestSpark.Domain.Tests\Models\CompareRequestTests.cs(35,17): warning CS1591: Missing XML comment for publicly visible type or member 'CompareRequestTests.IsValid_WithValidPath_ReturnsTrue()' [c:\GitHub\MarkHazleton\RequestSpark\RequestSpark.Domain.Tests\RequestSpark.Domain.Tests.csproj]
c:\GitHub\MarkHazleton\RequestSpark\RequestSpark.Domain.Tests\Models\CompareRequestTests.cs(43,17): warning CS1591: Missing XML comment for publicly visible type or member 'CompareRequestTests.IsValid_WithNullPath_ReturnsFalse()' [c:\GitHub\MarkHazleton\RequestSpark\RequestSpark.Domain.Tests\RequestSpark.Domain.Tests.csproj]
c:\GitHub\MarkHazleton\RequestSpark\RequestSpark.Domain.Tests\Models\CompareRequestTests.cs(51,17): warning CS1591: Missing XML comment for publicly visible type or member 'CompareRequestTests.IsValid_PathExceedsMaxLength_ReturnsFalse()' [c:\GitHub\MarkHazleton\RequestSpark\RequestSpark.Domain.Tests\RequestSpark.Domain.Tests.csproj]
c:\GitHub\MarkHazleton\RequestSpark\RequestSpark.Domain.Tests\Models\CompareRequestTests.cs(59,17): warning CS1591: Missing XML comment for publicly visible type or member 'CompareRequestTests.RequiresBody_PostMethod_ReturnsTrue()' [c:\GitHub\MarkHazleton\RequestSpark\RequestSpark.Domain.Tests\RequestSpark.Domain.Tests.csproj]
c:\GitHub\MarkHazleton\RequestSpark\RequestSpark.Domain.Tests\Models\CompareRequestTests.cs(67,17): warning CS1591: Missing XML comment for publicly visible type or member 'CompareRequestTests.RequiresBody_PutMethod_ReturnsTrue()' [c:\GitHub\MarkHazleton\RequestSpark\RequestSpark.Domain.Tests\RequestSpark.Domain.Tests.csproj]
c:\GitHub\MarkHazleton\RequestSpark\RequestSpark.Domain.Tests\Models\CompareRequestTests.cs(75,17): warning CS1591: Missing XML comment for publicly visible type or member 'CompareRequestTests.RequiresBody_PatchMethod_ReturnsTrue()' [c:\GitHub\MarkHazleton\RequestSpark\RequestSpark.Domain.Tests\RequestSpark.Domain.Tests.csproj]
c:\GitHub\MarkHazleton\RequestSpark\RequestSpark.Domain.Tests\Models\CompareRequestTests.cs(83,17): warning CS1591: Missing XML comment for publicly visible type or member 'CompareRequestTests.RequiresBody_GetMethod_ReturnsFalse()' [c:\GitHub\MarkHazleton\RequestSpark\RequestSpark.Domain.Tests\RequestSpark.Domain.Tests.csproj]
c:\GitHub\MarkHazleton\RequestSpark\RequestSpark.Domain.Tests\Models\CompareRequestTests.cs(91,17): warning CS1591: Missing XML comment for publicly visible type or member 'CompareRequestTests.RequiresBody_DeleteMethod_ReturnsFalse()' [c:\GitHub\MarkHazleton\RequestSpark\RequestSpark.Domain.Tests\RequestSpark.Domain.Tests.csproj]
c:\GitHub\MarkHazleton\RequestSpark\RequestSpark.Domain.Tests\Models\CompareResultTests.cs(4,18): warning CS1591: Missing XML comment for publicly visible type or member 'CompareResultTests' [c:\GitHub\MarkHazleton\RequestSpark\RequestSpark.Domain.Tests\RequestSpark.Domain.Tests.csproj]
c:\GitHub\MarkHazleton\RequestSpark\RequestSpark.Domain.Tests\Models\CompareResultTests.cs(7,21): warning CS1591: Missing XML comment for publicly visible type or member 'CompareResultTests.CompareResult_Constructor_SetsProperties()' [c:\GitHub\MarkHazleton\RequestSpark\RequestSpark.Domain.Tests\RequestSpark.Domain.Tests.csproj]
c:\GitHub\MarkHazleton\RequestSpark\RequestSpark.Domain.Tests\Models\CompareResultTests.cs(36,21): warning CS1591: Missing XML comment for publicly visible type or member 'CompareResultTests.IsError_SuccessWithNoStatusDescription_ReturnsFalse()' [c:\GitHub\MarkHazleton\RequestSpark\RequestSpark.Domain.Tests\RequestSpark.Domain.Tests.csproj]
c:\GitHub\MarkHazleton\RequestSpark\RequestSpark.Domain.Tests\Models\CompareResultTests.cs(44,21): warning CS1591: Missing XML comment for publicly visible type or member 'CompareResultTests.IsError_NotSuccessful_ReturnsTrue()' [c:\GitHub\MarkHazleton\RequestSpark\RequestSpark.Domain.Tests\RequestSpark.Domain.Tests.csproj]
c:\GitHub\MarkHazleton\RequestSpark\RequestSpark.Domain.Tests\Models\CompareResultTests.cs(52,21): warning CS1591: Missing XML comment for publicly visible type or member 'CompareResultTests.IsError_SuccessWithStatusDescription_ReturnsTrue()' [c:\GitHub\MarkHazleton\RequestSpark\RequestSpark.Domain.Tests\RequestSpark.Domain.Tests.csproj]
c:\GitHub\MarkHazleton\RequestSpark\RequestSpark.Domain.Tests\Models\CompareResultTests.cs(61,21): warning CS1591: Missing XML comment for publicly visible type or member 'CompareResultTests.ToString_SuccessfulResult_ContainsSuccessAndMethod()' [c:\GitHub\MarkHazleton\RequestSpark\RequestSpark.Domain.Tests\RequestSpark.Domain.Tests.csproj]
c:\GitHub\MarkHazleton\RequestSpark\RequestSpark.Domain.Tests\Models\CompareResultTests.cs(82,21): warning CS1591: Missing XML comment for publicly visible type or member 'CompareResultTests.ToString_FailedResult_ContainsFailed()' [c:\GitHub\MarkHazleton\RequestSpark\RequestSpark.Domain.Tests\RequestSpark.Domain.Tests.csproj]
c:\GitHub\MarkHazleton\RequestSpark\RequestSpark.Domain.Tests\Models\CompareResultTests.cs(90,21): warning CS1591: Missing XML comment for publicly visible type or member 'CompareResultTests.LastRunDate_DefaultsToRecentUtcTime()' [c:\GitHub\MarkHazleton\RequestSpark\RequestSpark.Domain.Tests\RequestSpark.Domain.Tests.csproj]
c:\GitHub\MarkHazleton\RequestSpark\RequestSpark.Domain.Tests\Models\CompareRunnerTests.cs(4,14): warning CS1591: Missing XML comment for publicly visible type or member 'CompareRunnerTests' [c:\GitHub\MarkHazleton\RequestSpark\RequestSpark.Domain.Tests\RequestSpark.Domain.Tests.csproj]
c:\GitHub\MarkHazleton\RequestSpark\RequestSpark.Domain.Tests\Models\CompareRunnerTests.cs(13,17): warning CS1591: Missing XML comment for publicly visible type or member 'CompareRunnerTests.CompareRunner_DefaultConstructor_CreatesInstance()' [c:\GitHub\MarkHazleton\RequestSpark\RequestSpark.Domain.Tests\RequestSpark.Domain.Tests.csproj]
c:\GitHub\MarkHazleton\RequestSpark\RequestSpark.Domain.Tests\Models\CompareRunnerTests.cs(25,17): warning CS1591: Missing XML comment for publicly visible type or member 'CompareRunnerTests.IsValid_WithInstanceAndRequest_ReturnsTrue()' [c:\GitHub\MarkHazleton\RequestSpark\RequestSpark.Domain.Tests\RequestSpark.Domain.Tests.csproj]
c:\GitHub\MarkHazleton\RequestSpark\RequestSpark.Domain.Tests\Models\CompareRunnerTests.cs(35,17): warning CS1591: Missing XML comment for publicly visible type or member 'CompareRunnerTests.IsValid_NoInstances_ReturnsFalse()' [c:\GitHub\MarkHazleton\RequestSpark\RequestSpark.Domain.Tests\RequestSpark.Domain.Tests.csproj]
c:\GitHub\MarkHazleton\RequestSpark\RequestSpark.Domain.Tests\Models\CompareRunnerTests.cs(44,17): warning CS1591: Missing XML comment for publicly visible type or member 'CompareRunnerTests.IsValid_NoRequests_ReturnsFalse()' [c:\GitHub\MarkHazleton\RequestSpark\RequestSpark.Domain.Tests\RequestSpark.Domain.Tests.csproj]
c:\GitHub\MarkHazleton\RequestSpark\RequestSpark.Domain.Tests\Models\CompareRunnerTests.cs(53,17): warning CS1591: Missing XML comment for publicly visible type or member 'CompareRunnerTests.IsValid_InvalidInstance_ReturnsFalse()' [c:\GitHub\MarkHazleton\RequestSpark\RequestSpark.Domain.Tests\RequestSpark.Domain.Tests.csproj]
c:\GitHub\MarkHazleton\RequestSpark\RequestSpark.Domain.Tests\Models\CompareRunnerTests.cs(63,17): warning CS1591: Missing XML comment for publicly visible type or member 'CompareRunnerTests.GetTotalTestCount_OneEach_ReturnsOne()' [c:\GitHub\MarkHazleton\RequestSpark\RequestSpark.Domain.Tests\RequestSpark.Domain.Tests.csproj]
c:\GitHub\MarkHazleton\RequestSpark\RequestSpark.Domain.Tests\Models\CompareRunnerTests.cs(74,17): warning CS1591: Missing XML comment for publicly visible type or member 'CompareRunnerTests.GetTotalTestCount_MultipleInstances_MultipliesCorrectly()' [c:\GitHub\MarkHazleton\RequestSpark\RequestSpark.Domain.Tests\RequestSpark.Domain.Tests.csproj]
c:\GitHub\MarkHazleton\RequestSpark\RequestSpark.Domain.Tests\Models\CompareRunnerTests.cs(88,17): warning CS1591: Missing XML comment for publicly visible type or member 'CompareRunnerTests.GetTotalTestCount_NoUsers_UsesSingleUserMultiplier()' [c:\GitHub\MarkHazleton\RequestSpark\RequestSpark.Domain.Tests\RequestSpark.Domain.Tests.csproj]
c:\GitHub\MarkHazleton\RequestSpark\RequestSpark.Domain.Tests\Models\CompareRunnerTests.cs(99,17): warning CS1591: Missing XML comment for publicly visible type or member 'CompareRunnerTests.DefaultIterations_Is100()' [c:\GitHub\MarkHazleton\RequestSpark\RequestSpark.Domain.Tests\RequestSpark.Domain.Tests.csproj]
c:\GitHub\MarkHazleton\RequestSpark\RequestSpark.Domain.Tests\Models\CompareRunnerTests.cs(107,17): warning CS1591: Missing XML comment for publicly visible type or member 'CompareRunnerTests.DefaultMaxConcurrency_Is10()' [c:\GitHub\MarkHazleton\RequestSpark\RequestSpark.Domain.Tests\RequestSpark.Domain.Tests.csproj]
c:\GitHub\MarkHazleton\RequestSpark\RequestSpark.Domain.Tests\Models\CompareUserTests.cs(4,14): warning CS1591: Missing XML comment for publicly visible type or member 'CompareUserTests' [c:\GitHub\MarkHazleton\RequestSpark\RequestSpark.Domain.Tests\RequestSpark.Domain.Tests.csproj]
c:\GitHub\MarkHazleton\RequestSpark\RequestSpark.Domain.Tests\Models\CompareUserTests.cs(7,17): warning CS1591: Missing XML comment for publicly visible type or member 'CompareUserTests.CompareUser_DefaultConstructor_HasEmptyProperties()' [c:\GitHub\MarkHazleton\RequestSpark\RequestSpark.Domain.Tests\RequestSpark.Domain.Tests.csproj]
c:\GitHub\MarkHazleton\RequestSpark\RequestSpark.Domain.Tests\Models\CompareUserTests.cs(18,17): warning CS1591: Missing XML comment for publicly visible type or member 'CompareUserTests.CompareUser_SetUserName_StoresValue()' [c:\GitHub\MarkHazleton\RequestSpark\RequestSpark.Domain.Tests\RequestSpark.Domain.Tests.csproj]
c:\GitHub\MarkHazleton\RequestSpark\RequestSpark.Domain.Tests\Models\CompareUserTests.cs(26,17): warning CS1591: Missing XML comment for publicly visible type or member 'CompareUserTests.CompareUser_SetPassword_StoresValue()' [c:\GitHub\MarkHazleton\RequestSpark\RequestSpark.Domain.Tests\RequestSpark.Domain.Tests.csproj]
c:\GitHub\MarkHazleton\RequestSpark\RequestSpark.Domain.Tests\Models\CompareUserTests.cs(34,17): warning CS1591: Missing XML comment for publicly visible type or member 'CompareUserTests.CompareUser_Properties_CanAddKeyValuePairs()' [c:\GitHub\MarkHazleton\RequestSpark\RequestSpark.Domain.Tests\RequestSpark.Domain.Tests.csproj]
c:\GitHub\MarkHazleton\RequestSpark\RequestSpark.Domain.Tests\Models\ExecutionStatisticsTests.cs(4,14): warning CS1591: Missing XML comment for publicly visible type or member 'ExecutionStatisticsTests' [c:\GitHub\MarkHazleton\RequestSpark\RequestSpark.Domain.Tests\RequestSpark.Domain.Tests.csproj]
c:\GitHub\MarkHazleton\RequestSpark\RequestSpark.Domain.Tests\Models\ExecutionStatisticsTests.cs(7,17): warning CS1591: Missing XML comment for publicly visible type or member 'ExecutionStatisticsTests.ExecutionStatistics_DefaultState_HasZeroCounters()' [c:\GitHub\MarkHazleton\RequestSpark\RequestSpark.Domain.Tests\RequestSpark.Domain.Tests.csproj]
c:\GitHub\MarkHazleton\RequestSpark\RequestSpark.Domain.Tests\Models\ExecutionStatisticsTests.cs(19,17): warning CS1591: Missing XML comment for publicly visible type or member 'ExecutionStatisticsTests.IncrementTotalRequests_IncrementsCounter()' [c:\GitHub\MarkHazleton\RequestSpark\RequestSpark.Domain.Tests\RequestSpark.Domain.Tests.csproj]
c:\GitHub\MarkHazleton\RequestSpark\RequestSpark.Domain.Tests\Models\ExecutionStatisticsTests.cs(30,17): warning CS1591: Missing XML comment for publicly visible type or member 'ExecutionStatisticsTests.IncrementSuccessfulRequests_IncrementsCounter()' [c:\GitHub\MarkHazleton\RequestSpark\RequestSpark.Domain.Tests\RequestSpark.Domain.Tests.csproj]
c:\GitHub\MarkHazleton\RequestSpark\RequestSpark.Domain.Tests\Models\ExecutionStatisticsTests.cs(40,17): warning CS1591: Missing XML comment for publicly visible type or member 'ExecutionStatisticsTests.IncrementFailedRequests_IncrementsCounter()' [c:\GitHub\MarkHazleton\RequestSpark\RequestSpark.Domain.Tests\RequestSpark.Domain.Tests.csproj]
c:\GitHub\MarkHazleton\RequestSpark\RequestSpark.Domain.Tests\Models\ExecutionStatisticsTests.cs(50,17): warning CS1591: Missing XML comment for publicly visible type or member 'ExecutionStatisticsTests.AddResponseTime_UpdatesMinAndMax()' [c:\GitHub\MarkHazleton\RequestSpark\RequestSpark.Domain.Tests\RequestSpark.Domain.Tests.csproj]
c:\GitHub\MarkHazleton\RequestSpark\RequestSpark.Domain.Tests\Models\ExecutionStatisticsTests.cs(63,17): warning CS1591: Missing XML comment for publicly visible type or member 'ExecutionStatisticsTests.CurrentAverageResponseTime_ReturnsCorrectAverage()' [c:\GitHub\MarkHazleton\RequestSpark\RequestSpark.Domain.Tests\RequestSpark.Domain.Tests.csproj]
c:\GitHub\MarkHazleton\RequestSpark\RequestSpark.Domain.Tests\Models\ExecutionStatisticsTests.cs(75,17): warning CS1591: Missing XML comment for publicly visible type or member 'ExecutionStatisticsTests.CurrentAverageResponseTime_WithNoRequests_ReturnsZero()' [c:\GitHub\MarkHazleton\RequestSpark\RequestSpark.Domain.Tests\RequestSpark.Domain.Tests.csproj]
c:\GitHub\MarkHazleton\RequestSpark\RequestSpark.Domain.Tests\Models\ExecutionStatisticsTests.cs(83,17): warning CS1591: Missing XML comment for publicly visible type or member 'ExecutionStatisticsTests.SuccessRate_WithMixedResults_ReturnsCorrectPercentage()' [c:\GitHub\MarkHazleton\RequestSpark\RequestSpark.Domain.Tests\RequestSpark.Domain.Tests.csproj]
c:\GitHub\MarkHazleton\RequestSpark\RequestSpark.Domain.Tests\Models\ExecutionStatisticsTests.cs(98,17): warning CS1591: Missing XML comment for publicly visible type or member 'ExecutionStatisticsTests.SuccessRate_WithNoRequests_ReturnsZero()' [c:\GitHub\MarkHazleton\RequestSpark\RequestSpark.Domain.Tests\RequestSpark.Domain.Tests.csproj]
c:\GitHub\MarkHazleton\RequestSpark\RequestSpark.Domain.Tests\Models\ExecutionStatisticsTests.cs(106,17): warning CS1591: Missing XML comment for publicly visible type or member 'ExecutionStatisticsTests.GetResponseTimePercentile_ReturnsCorrectValue()' [c:\GitHub\MarkHazleton\RequestSpark\RequestSpark.Domain.Tests\RequestSpark.Domain.Tests.csproj]
c:\GitHub\MarkHazleton\RequestSpark\RequestSpark.Domain.Tests\Models\ExecutionStatisticsTests.cs(117,17): warning CS1591: Missing XML comment for publicly visible type or member 'ExecutionStatisticsTests.GetResponseTimePercentile_EmptyCollection_ReturnsZero()' [c:\GitHub\MarkHazleton\RequestSpark\RequestSpark.Domain.Tests\RequestSpark.Domain.Tests.csproj]
c:\GitHub\MarkHazleton\RequestSpark\RequestSpark.Domain.Tests\Models\ExecutionStatisticsTests.cs(125,17): warning CS1591: Missing XML comment for publicly visible type or member 'ExecutionStatisticsTests.GetResponseTimePercentile_PercentileAbove100_ThrowsArgumentOutOfRangeException()' [c:\GitHub\MarkHazleton\RequestSpark\RequestSpark.Domain.Tests\RequestSpark.Domain.Tests.csproj]
c:\GitHub\MarkHazleton\RequestSpark\RequestSpark.Domain.Tests\Models\ExecutionStatisticsTests.cs(137,17): warning CS1591: Missing XML comment for publicly visible type or member 'ExecutionStatisticsTests.GetResponseTimePercentile_NegativePercentile_ThrowsArgumentOutOfRangeException()' [c:\GitHub\MarkHazleton\RequestSpark\RequestSpark.Domain.Tests\RequestSpark.Domain.Tests.csproj]
c:\GitHub\MarkHazleton\RequestSpark\RequestSpark.Domain.Tests\Models\ExecutionStatisticsTests.cs(149,17): warning CS1591: Missing XML comment for publicly visible type or member 'ExecutionStatisticsTests.FinalizeStatistics_SetsAverageResponseTime()' [c:\GitHub\MarkHazleton\RequestSpark\RequestSpark.Domain.Tests\RequestSpark.Domain.Tests.csproj]
c:\GitHub\MarkHazleton\RequestSpark\RequestSpark.Domain.Tests\Models\ExecutionStatisticsTests.cs(161,17): warning CS1591: Missing XML comment for publicly visible type or member 'ExecutionStatisticsTests.FinalizeStatistics_SetsEndTime()' [c:\GitHub\MarkHazleton\RequestSpark\RequestSpark.Domain.Tests\RequestSpark.Domain.Tests.csproj]
c:\GitHub\MarkHazleton\RequestSpark\RequestSpark.Domain.Tests\Models\ExecutionStatisticsTests.cs(172,17): warning CS1591: Missing XML comment for publicly visible type or member 'ExecutionStatisticsTests.TotalDuration_ReturnsEndMinusStart()' [c:\GitHub\MarkHazleton\RequestSpark\RequestSpark.Domain.Tests\RequestSpark.Domain.Tests.csproj]
c:\GitHub\MarkHazleton\RequestSpark\RequestSpark.Domain.Tests\Models\ExecutionStatisticsTests.cs(182,17): warning CS1591: Missing XML comment for publicly visible type or member 'ExecutionStatisticsTests.ToString_ContainsKeyMetrics()' [c:\GitHub\MarkHazleton\RequestSpark\RequestSpark.Domain.Tests\RequestSpark.Domain.Tests.csproj]
  RequestSpark.Domain.Tests -> c:\GitHub\MarkHazleton\RequestSpark\RequestSpark.Domain.Tests\bin\Debug\net10.0\RequestSpark.Domain.Tests.dll
  RequestSpark -> c:\GitHub\MarkHazleton\RequestSpark\RequestSpark\bin\Debug\net10.0\RequestSpark.dll
c:\GitHub\MarkHazleton\RequestSpark\RequestSpark.Web\Services\EmployeeDtoValidator.cs(21,66): error CS1503: Argument 3: cannot convert from 'System.Collections.Generic.List<RequestSpark.Web.Services.ValidationResult>' to 'System.Collections.Generic.ICollection<System.ComponentModel.DataAnnotations.ValidationResult>?' [c:\GitHub\MarkHazleton\RequestSpark\RequestSpark.Web\RequestSpark.Web.csproj]
c:\GitHub\MarkHazleton\RequestSpark\RequestSpark.Web\Services\EmployeeDtoValidator.cs(24,39): error CS1061: 'ValidationResult' does not contain a definition for 'MemberNames' and no accessible extension method 'MemberNames' accepting a first argument of type 'ValidationResult' could be found (are you missing a using directive or an assembly reference?) [c:\GitHub\MarkHazleton\RequestSpark\RequestSpark.Web\RequestSpark.Web.csproj]
c:\GitHub\MarkHazleton\RequestSpark\RequestSpark.Web\Program.cs(220,80): error CS1593: Delegate 'RequestDelegate' does not take 2 arguments [c:\GitHub\MarkHazleton\RequestSpark\RequestSpark.Web\RequestSpark.Web.csproj]
c:\GitHub\MarkHazleton\RequestSpark\RequestSpark.Web\Program.cs(234,92): error CS1593: Delegate 'RequestDelegate' does not take 3 arguments [c:\GitHub\MarkHazleton\RequestSpark\RequestSpark.Web\RequestSpark.Web.csproj]
c:\GitHub\MarkHazleton\RequestSpark\RequestSpark.Web\Services\FileOpenApiService.Parsing.cs(256,90): error CS0136: A local or parameter named 'description' cannot be declared in this scope because that name is used in an enclosing local scope to define a local or parameter [c:\GitHub\MarkHazleton\RequestSpark\RequestSpark.Web\RequestSpark.Web.csproj]
c:\GitHub\MarkHazleton\RequestSpark\RequestSpark.Web\Services\FileOpenApiService.Parsing.cs(347,29): error CS0136: A local or parameter named 'description' cannot be declared in this scope because that name is used in an enclosing local scope to define a local or parameter [c:\GitHub\MarkHazleton\RequestSpark\RequestSpark.Web\RequestSpark.Web.csproj]
c:\GitHub\MarkHazleton\RequestSpark\RequestSpark.Web\Services\FileOpenApiService.Parsing.cs(360,86): error CS0136: A local or parameter named 'description' cannot be declared in this scope because that name is used in an enclosing local scope to define a local or parameter [c:\GitHub\MarkHazleton\RequestSpark\RequestSpark.Web\RequestSpark.Web.csproj]

Build FAILED.

c:\GitHub\MarkHazleton\RequestSpark\RequestSpark.Domain.Tests\Models\CompareInstanceTests.cs(4,14): warning CS1591: Missing XML comment for publicly visible type or member 'CompareInstanceTests' [c:\GitHub\MarkHazleton\RequestSpark\RequestSpark.Domain.Tests\RequestSpark.Domain.Tests.csproj]
c:\GitHub\MarkHazleton\RequestSpark\RequestSpark.Domain.Tests\Models\CompareInstanceTests.cs(7,17): warning CS1591: Missing XML comment for publicly visible type or member 'CompareInstanceTests.ToString_WithNameAndUrl_ReturnsFormattedString()' [c:\GitHub\MarkHazleton\RequestSpark\RequestSpark.Domain.Tests\RequestSpark.Domain.Tests.csproj]
c:\GitHub\MarkHazleton\RequestSpark\RequestSpark.Domain.Tests\Models\CompareInstanceTests.cs(21,17): warning CS1591: Missing XML comment for publicly visible type or member 'CompareInstanceTests.IsValid_WithNameAndBaseUrl_ReturnsTrue()' [c:\GitHub\MarkHazleton\RequestSpark\RequestSpark.Domain.Tests\RequestSpark.Domain.Tests.csproj]
c:\GitHub\MarkHazleton\RequestSpark\RequestSpark.Domain.Tests\Models\CompareInstanceTests.cs(33,17): warning CS1591: Missing XML comment for publicly visible type or member 'CompareInstanceTests.IsValid_MissingName_ReturnsFalse()' [c:\GitHub\MarkHazleton\RequestSpark\RequestSpark.Domain.Tests\RequestSpark.Domain.Tests.csproj]
c:\GitHub\MarkHazleton\RequestSpark\RequestSpark.Domain.Tests\Models\CompareInstanceTests.cs(41,17): warning CS1591: Missing XML comment for publicly visible type or member 'CompareInstanceTests.IsValid_MissingBaseUrl_ReturnsFalse()' [c:\GitHub\MarkHazleton\RequestSpark\RequestSpark.Domain.Tests\RequestSpark.Domain.Tests.csproj]
c:\GitHub\MarkHazleton\RequestSpark\RequestSpark.Domain.Tests\Models\CompareInstanceTests.cs(49,17): warning CS1591: Missing XML comment for publicly visible type or member 'CompareInstanceTests.IsValid_BothMissing_ReturnsFalse()' [c:\GitHub\MarkHazleton\RequestSpark\RequestSpark.Domain.Tests\RequestSpark.Domain.Tests.csproj]
c:\GitHub\MarkHazleton\RequestSpark\RequestSpark.Domain.Tests\Models\CompareInstanceTests.cs(57,17): warning CS1591: Missing XML comment for publicly visible type or member 'CompareInstanceTests.BaseUrl_InvalidUrl_ThrowsArgumentException()' [c:\GitHub\MarkHazleton\RequestSpark\RequestSpark.Domain.Tests\RequestSpark.Domain.Tests.csproj]
c:\GitHub\MarkHazleton\RequestSpark\RequestSpark.Domain.Tests\Models\CompareInstanceTests.cs(68,17): warning CS1591: Missing XML comment for publicly visible type or member 'CompareInstanceTests.BaseUrl_ValidAbsoluteUrl_Stores()' [c:\GitHub\MarkHazleton\RequestSpark\RequestSpark.Domain.Tests\RequestSpark.Domain.Tests.csproj]
c:\GitHub\MarkHazleton\RequestSpark\RequestSpark.Domain.Tests\Models\CompareInstanceTests.cs(76,17): warning CS1591: Missing XML comment for publicly visible type or member 'CompareInstanceTests.Name_WhitespaceOnly_StoresNull()' [c:\GitHub\MarkHazleton\RequestSpark\RequestSpark.Domain.Tests\RequestSpark.Domain.Tests.csproj]
c:\GitHub\MarkHazleton\RequestSpark\RequestSpark.Domain.Tests\Models\CompareInstanceTests.cs(84,17): warning CS1591: Missing XML comment for publicly visible type or member 'CompareInstanceTests.Name_WithWhitespace_IsTrimmed()' [c:\GitHub\MarkHazleton\RequestSpark\RequestSpark.Domain.Tests\RequestSpark.Domain.Tests.csproj]
c:\GitHub\MarkHazleton\RequestSpark\RequestSpark.Domain.Tests\Models\ComparePropertyTests.cs(4,14): warning CS1591: Missing XML comment for publicly visible type or member 'ComparePropertyTests' [c:\GitHub\MarkHazleton\RequestSpark\RequestSpark.Domain.Tests\RequestSpark.Domain.Tests.csproj]
c:\GitHub\MarkHazleton\RequestSpark\RequestSpark.Domain.Tests\Models\ComparePropertyTests.cs(7,17): warning CS1591: Missing XML comment for publicly visible type or member 'ComparePropertyTests.CompareProperty_Constructor_SetsAllProperties()' [c:\GitHub\MarkHazleton\RequestSpark\RequestSpark.Domain.Tests\RequestSpark.Domain.Tests.csproj]
c:\GitHub\MarkHazleton\RequestSpark\RequestSpark.Domain.Tests\Models\ComparePropertyTests.cs(19,17): warning CS1591: Missing XML comment for publicly visible type or member 'ComparePropertyTests.CompareProperty_Constructor_NullDescription_DefaultsToEmpty()' [c:\GitHub\MarkHazleton\RequestSpark\RequestSpark.Domain.Tests\RequestSpark.Domain.Tests.csproj]
c:\GitHub\MarkHazleton\RequestSpark\RequestSpark.Domain.Tests\Models\ComparePropertyTests.cs(27,17): warning CS1591: Missing XML comment for publicly visible type or member 'ComparePropertyTests.CompareProperty_Constructor_NullKey_ThrowsArgumentNullException()' [c:\GitHub\MarkHazleton\RequestSpark\RequestSpark.Domain.Tests\RequestSpark.Domain.Tests.csproj]
c:\GitHub\MarkHazleton\RequestSpark\RequestSpark.Domain.Tests\Models\ComparePropertyTests.cs(38,17): warning CS1591: Missing XML comment for publicly visible type or member 'ComparePropertyTests.CompareProperty_Constructor_NullValue_ThrowsArgumentNullException()' [c:\GitHub\MarkHazleton\RequestSpark\RequestSpark.Domain.Tests\RequestSpark.Domain.Tests.csproj]
c:\GitHub\MarkHazleton\RequestSpark\RequestSpark.Domain.Tests\Models\ComparePropertyTests.cs(49,17): warning CS1591: Missing XML comment for publicly visible type or member 'ComparePropertyTests.CompareProperty_Constructor_NullType_ThrowsArgumentNullException()' [c:\GitHub\MarkHazleton\RequestSpark\RequestSpark.Domain.Tests\RequestSpark.Domain.Tests.csproj]
c:\GitHub\MarkHazleton\RequestSpark\RequestSpark.Domain.Tests\Models\ComparePropertyTests.cs(60,17): warning CS1591: Missing XML comment for publicly visible type or member 'ComparePropertyTests.CompareProperty_Constructor_NullName_ThrowsArgumentNullException()' [c:\GitHub\MarkHazleton\RequestSpark\RequestSpark.Domain.Tests\RequestSpark.Domain.Tests.csproj]
c:\GitHub\MarkHazleton\RequestSpark\RequestSpark.Domain.Tests\Models\CompareRequestTests.cs(5,14): warning CS1591: Missing XML comment for publicly visible type or member 'CompareRequestTests' [c:\GitHub\MarkHazleton\RequestSpark\RequestSpark.Domain.Tests\RequestSpark.Domain.Tests.csproj]
c:\GitHub\MarkHazleton\RequestSpark\RequestSpark.Domain.Tests\Models\CompareRequestTests.cs(8,17): warning CS1591: Missing XML comment for publicly visible type or member 'CompareRequestTests.CompareRequest_DefaultConstructor_CreatesInstance()' [c:\GitHub\MarkHazleton\RequestSpark\RequestSpark.Domain.Tests\RequestSpark.Domain.Tests.csproj]
c:\GitHub\MarkHazleton\RequestSpark\RequestSpark.Domain.Tests\Models\CompareRequestTests.cs(19,17): warning CS1591: Missing XML comment for publicly visible type or member 'CompareRequestTests.CompareRequest_Path_TrimsWhitespace()' [c:\GitHub\MarkHazleton\RequestSpark\RequestSpark.Domain.Tests\RequestSpark.Domain.Tests.csproj]
c:\GitHub\MarkHazleton\RequestSpark\RequestSpark.Domain.Tests\Models\CompareRequestTests.cs(27,17): warning CS1591: Missing XML comment for publicly visible type or member 'CompareRequestTests.CompareRequest_Path_WhitespaceOnly_StoresNull()' [c:\GitHub\MarkHazleton\RequestSpark\RequestSpark.Domain.Tests\RequestSpark.Domain.Tests.csproj]
c:\GitHub\MarkHazleton\RequestSpark\RequestSpark.Domain.Tests\Models\CompareRequestTests.cs(35,17): warning CS1591: Missing XML comment for publicly visible type or member 'CompareRequestTests.IsValid_WithValidPath_ReturnsTrue()' [c:\GitHub\MarkHazleton\RequestSpark\RequestSpark.Domain.Tests\RequestSpark.Domain.Tests.csproj]
c:\GitHub\MarkHazleton\RequestSpark\RequestSpark.Domain.Tests\Models\CompareRequestTests.cs(43,17): warning CS1591: Missing XML comment for publicly visible type or member 'CompareRequestTests.IsValid_WithNullPath_ReturnsFalse()' [c:\GitHub\MarkHazleton\RequestSpark\RequestSpark.Domain.Tests\RequestSpark.Domain.Tests.csproj]
c:\GitHub\MarkHazleton\RequestSpark\RequestSpark.Domain.Tests\Models\CompareRequestTests.cs(51,17): warning CS1591: Missing XML comment for publicly visible type or member 'CompareRequestTests.IsValid_PathExceedsMaxLength_ReturnsFalse()' [c:\GitHub\MarkHazleton\RequestSpark\RequestSpark.Domain.Tests\RequestSpark.Domain.Tests.csproj]
c:\GitHub\MarkHazleton\RequestSpark\RequestSpark.Domain.Tests\Models\CompareRequestTests.cs(59,17): warning CS1591: Missing XML comment for publicly visible type or member 'CompareRequestTests.RequiresBody_PostMethod_ReturnsTrue()' [c:\GitHub\MarkHazleton\RequestSpark\RequestSpark.Domain.Tests\RequestSpark.Domain.Tests.csproj]
c:\GitHub\MarkHazleton\RequestSpark\RequestSpark.Domain.Tests\Models\CompareRequestTests.cs(67,17): warning CS1591: Missing XML comment for publicly visible type or member 'CompareRequestTests.RequiresBody_PutMethod_ReturnsTrue()' [c:\GitHub\MarkHazleton\RequestSpark\RequestSpark.Domain.Tests\RequestSpark.Domain.Tests.csproj]
c:\GitHub\MarkHazleton\RequestSpark\RequestSpark.Domain.Tests\Models\CompareRequestTests.cs(75,17): warning CS1591: Missing XML comment for publicly visible type or member 'CompareRequestTests.RequiresBody_PatchMethod_ReturnsTrue()' [c:\GitHub\MarkHazleton\RequestSpark\RequestSpark.Domain.Tests\RequestSpark.Domain.Tests.csproj]
c:\GitHub\MarkHazleton\RequestSpark\RequestSpark.Domain.Tests\Models\CompareRequestTests.cs(83,17): warning CS1591: Missing XML comment for publicly visible type or member 'CompareRequestTests.RequiresBody_GetMethod_ReturnsFalse()' [c:\GitHub\MarkHazleton\RequestSpark\RequestSpark.Domain.Tests\RequestSpark.Domain.Tests.csproj]
c:\GitHub\MarkHazleton\RequestSpark\RequestSpark.Domain.Tests\Models\CompareRequestTests.cs(91,17): warning CS1591: Missing XML comment for publicly visible type or member 'CompareRequestTests.RequiresBody_DeleteMethod_ReturnsFalse()' [c:\GitHub\MarkHazleton\RequestSpark\RequestSpark.Domain.Tests\RequestSpark.Domain.Tests.csproj]
c:\GitHub\MarkHazleton\RequestSpark\RequestSpark.Domain.Tests\Models\CompareResultTests.cs(4,18): warning CS1591: Missing XML comment for publicly visible type or member 'CompareResultTests' [c:\GitHub\MarkHazleton\RequestSpark\RequestSpark.Domain.Tests\RequestSpark.Domain.Tests.csproj]
c:\GitHub\MarkHazleton\RequestSpark\RequestSpark.Domain.Tests\Models\CompareResultTests.cs(7,21): warning CS1591: Missing XML comment for publicly visible type or member 'CompareResultTests.CompareResult_Constructor_SetsProperties()' [c:\GitHub\MarkHazleton\RequestSpark\RequestSpark.Domain.Tests\RequestSpark.Domain.Tests.csproj]
c:\GitHub\MarkHazleton\RequestSpark\RequestSpark.Domain.Tests\Models\CompareResultTests.cs(36,21): warning CS1591: Missing XML comment for publicly visible type or member 'CompareResultTests.IsError_SuccessWithNoStatusDescription_ReturnsFalse()' [c:\GitHub\MarkHazleton\RequestSpark\RequestSpark.Domain.Tests\RequestSpark.Domain.Tests.csproj]
c:\GitHub\MarkHazleton\RequestSpark\RequestSpark.Domain.Tests\Models\CompareResultTests.cs(44,21): warning CS1591: Missing XML comment for publicly visible type or member 'CompareResultTests.IsError_NotSuccessful_ReturnsTrue()' [c:\GitHub\MarkHazleton\RequestSpark\RequestSpark.Domain.Tests\RequestSpark.Domain.Tests.csproj]
c:\GitHub\MarkHazleton\RequestSpark\RequestSpark.Domain.Tests\Models\CompareResultTests.cs(52,21): warning CS1591: Missing XML comment for publicly visible type or member 'CompareResultTests.IsError_SuccessWithStatusDescription_ReturnsTrue()' [c:\GitHub\MarkHazleton\RequestSpark\RequestSpark.Domain.Tests\RequestSpark.Domain.Tests.csproj]
c:\GitHub\MarkHazleton\RequestSpark\RequestSpark.Domain.Tests\Models\CompareResultTests.cs(61,21): warning CS1591: Missing XML comment for publicly visible type or member 'CompareResultTests.ToString_SuccessfulResult_ContainsSuccessAndMethod()' [c:\GitHub\MarkHazleton\RequestSpark\RequestSpark.Domain.Tests\RequestSpark.Domain.Tests.csproj]
c:\GitHub\MarkHazleton\RequestSpark\RequestSpark.Domain.Tests\Models\CompareResultTests.cs(82,21): warning CS1591: Missing XML comment for publicly visible type or member 'CompareResultTests.ToString_FailedResult_ContainsFailed()' [c:\GitHub\MarkHazleton\RequestSpark\RequestSpark.Domain.Tests\RequestSpark.Domain.Tests.csproj]
c:\GitHub\MarkHazleton\RequestSpark\RequestSpark.Domain.Tests\Models\CompareResultTests.cs(90,21): warning CS1591: Missing XML comment for publicly visible type or member 'CompareResultTests.LastRunDate_DefaultsToRecentUtcTime()' [c:\GitHub\MarkHazleton\RequestSpark\RequestSpark.Domain.Tests\RequestSpark.Domain.Tests.csproj]
c:\GitHub\MarkHazleton\RequestSpark\RequestSpark.Domain.Tests\Models\CompareRunnerTests.cs(4,14): warning CS1591: Missing XML comment for publicly visible type or member 'CompareRunnerTests' [c:\GitHub\MarkHazleton\RequestSpark\RequestSpark.Domain.Tests\RequestSpark.Domain.Tests.csproj]
c:\GitHub\MarkHazleton\RequestSpark\RequestSpark.Domain.Tests\Models\CompareRunnerTests.cs(13,17): warning CS1591: Missing XML comment for publicly visible type or member 'CompareRunnerTests.CompareRunner_DefaultConstructor_CreatesInstance()' [c:\GitHub\MarkHazleton\RequestSpark\RequestSpark.Domain.Tests\RequestSpark.Domain.Tests.csproj]
c:\GitHub\MarkHazleton\RequestSpark\RequestSpark.Domain.Tests\Models\CompareRunnerTests.cs(25,17): warning CS1591: Missing XML comment for publicly visible type or member 'CompareRunnerTests.IsValid_WithInstanceAndRequest_ReturnsTrue()' [c:\GitHub\MarkHazleton\RequestSpark\RequestSpark.Domain.Tests\RequestSpark.Domain.Tests.csproj]
c:\GitHub\MarkHazleton\RequestSpark\RequestSpark.Domain.Tests\Models\CompareRunnerTests.cs(35,17): warning CS1591: Missing XML comment for publicly visible type or member 'CompareRunnerTests.IsValid_NoInstances_ReturnsFalse()' [c:\GitHub\MarkHazleton\RequestSpark\RequestSpark.Domain.Tests\RequestSpark.Domain.Tests.csproj]
c:\GitHub\MarkHazleton\RequestSpark\RequestSpark.Domain.Tests\Models\CompareRunnerTests.cs(44,17): warning CS1591: Missing XML comment for publicly visible type or member 'CompareRunnerTests.IsValid_NoRequests_ReturnsFalse()' [c:\GitHub\MarkHazleton\RequestSpark\RequestSpark.Domain.Tests\RequestSpark.Domain.Tests.csproj]
c:\GitHub\MarkHazleton\RequestSpark\RequestSpark.Domain.Tests\Models\CompareRunnerTests.cs(53,17): warning CS1591: Missing XML comment for publicly visible type or member 'CompareRunnerTests.IsValid_InvalidInstance_ReturnsFalse()' [c:\GitHub\MarkHazleton\RequestSpark\RequestSpark.Domain.Tests\RequestSpark.Domain.Tests.csproj]
c:\GitHub\MarkHazleton\RequestSpark\RequestSpark.Domain.Tests\Models\CompareRunnerTests.cs(63,17): warning CS1591: Missing XML comment for publicly visible type or member 'CompareRunnerTests.GetTotalTestCount_OneEach_ReturnsOne()' [c:\GitHub\MarkHazleton\RequestSpark\RequestSpark.Domain.Tests\RequestSpark.Domain.Tests.csproj]
c:\GitHub\MarkHazleton\RequestSpark\RequestSpark.Domain.Tests\Models\CompareRunnerTests.cs(74,17): warning CS1591: Missing XML comment for publicly visible type or member 'CompareRunnerTests.GetTotalTestCount_MultipleInstances_MultipliesCorrectly()' [c:\GitHub\MarkHazleton\RequestSpark\RequestSpark.Domain.Tests\RequestSpark.Domain.Tests.csproj]
c:\GitHub\MarkHazleton\RequestSpark\RequestSpark.Domain.Tests\Models\CompareRunnerTests.cs(88,17): warning CS1591: Missing XML comment for publicly visible type or member 'CompareRunnerTests.GetTotalTestCount_NoUsers_UsesSingleUserMultiplier()' [c:\GitHub\MarkHazleton\RequestSpark\RequestSpark.Domain.Tests\RequestSpark.Domain.Tests.csproj]
c:\GitHub\MarkHazleton\RequestSpark\RequestSpark.Domain.Tests\Models\CompareRunnerTests.cs(99,17): warning CS1591: Missing XML comment for publicly visible type or member 'CompareRunnerTests.DefaultIterations_Is100()' [c:\GitHub\MarkHazleton\RequestSpark\RequestSpark.Domain.Tests\RequestSpark.Domain.Tests.csproj]
c:\GitHub\MarkHazleton\RequestSpark\RequestSpark.Domain.Tests\Models\CompareRunnerTests.cs(107,17): warning CS1591: Missing XML comment for publicly visible type or member 'CompareRunnerTests.DefaultMaxConcurrency_Is10()' [c:\GitHub\MarkHazleton\RequestSpark\RequestSpark.Domain.Tests\RequestSpark.Domain.Tests.csproj]
c:\GitHub\MarkHazleton\RequestSpark\RequestSpark.Domain.Tests\Models\CompareUserTests.cs(4,14): warning CS1591: Missing XML comment for publicly visible type or member 'CompareUserTests' [c:\GitHub\MarkHazleton\RequestSpark\RequestSpark.Domain.Tests\RequestSpark.Domain.Tests.csproj]
c:\GitHub\MarkHazleton\RequestSpark\RequestSpark.Domain.Tests\Models\CompareUserTests.cs(7,17): warning CS1591: Missing XML comment for publicly visible type or member 'CompareUserTests.CompareUser_DefaultConstructor_HasEmptyProperties()' [c:\GitHub\MarkHazleton\RequestSpark\RequestSpark.Domain.Tests\RequestSpark.Domain.Tests.csproj]
c:\GitHub\MarkHazleton\RequestSpark\RequestSpark.Domain.Tests\Models\CompareUserTests.cs(18,17): warning CS1591: Missing XML comment for publicly visible type or member 'CompareUserTests.CompareUser_SetUserName_StoresValue()' [c:\GitHub\MarkHazleton\RequestSpark\RequestSpark.Domain.Tests\RequestSpark.Domain.Tests.csproj]
c:\GitHub\MarkHazleton\RequestSpark\RequestSpark.Domain.Tests\Models\CompareUserTests.cs(26,17): warning CS1591: Missing XML comment for publicly visible type or member 'CompareUserTests.CompareUser_SetPassword_StoresValue()' [c:\GitHub\MarkHazleton\RequestSpark\RequestSpark.Domain.Tests\RequestSpark.Domain.Tests.csproj]
c:\GitHub\MarkHazleton\RequestSpark\RequestSpark.Domain.Tests\Models\CompareUserTests.cs(34,17): warning CS1591: Missing XML comment for publicly visible type or member 'CompareUserTests.CompareUser_Properties_CanAddKeyValuePairs()' [c:\GitHub\MarkHazleton\RequestSpark\RequestSpark.Domain.Tests\RequestSpark.Domain.Tests.csproj]
c:\GitHub\MarkHazleton\RequestSpark\RequestSpark.Domain.Tests\Models\ExecutionStatisticsTests.cs(4,14): warning CS1591: Missing XML comment for publicly visible type or member 'ExecutionStatisticsTests' [c:\GitHub\MarkHazleton\RequestSpark\RequestSpark.Domain.Tests\RequestSpark.Domain.Tests.csproj]
c:\GitHub\MarkHazleton\RequestSpark\RequestSpark.Domain.Tests\Models\ExecutionStatisticsTests.cs(7,17): warning CS1591: Missing XML comment for publicly visible type or member 'ExecutionStatisticsTests.ExecutionStatistics_DefaultState_HasZeroCounters()' [c:\GitHub\MarkHazleton\RequestSpark\RequestSpark.Domain.Tests\RequestSpark.Domain.Tests.csproj]
c:\GitHub\MarkHazleton\RequestSpark\RequestSpark.Domain.Tests\Models\ExecutionStatisticsTests.cs(19,17): warning CS1591: Missing XML comment for publicly visible type or member 'ExecutionStatisticsTests.IncrementTotalRequests_IncrementsCounter()' [c:\GitHub\MarkHazleton\RequestSpark\RequestSpark.Domain.Tests\RequestSpark.Domain.Tests.csproj]
c:\GitHub\MarkHazleton\RequestSpark\RequestSpark.Domain.Tests\Models\ExecutionStatisticsTests.cs(30,17): warning CS1591: Missing XML comment for publicly visible type or member 'ExecutionStatisticsTests.IncrementSuccessfulRequests_IncrementsCounter()' [c:\GitHub\MarkHazleton\RequestSpark\RequestSpark.Domain.Tests\RequestSpark.Domain.Tests.csproj]
c:\GitHub\MarkHazleton\RequestSpark\RequestSpark.Domain.Tests\Models\ExecutionStatisticsTests.cs(40,17): warning CS1591: Missing XML comment for publicly visible type or member 'ExecutionStatisticsTests.IncrementFailedRequests_IncrementsCounter()' [c:\GitHub\MarkHazleton\RequestSpark\RequestSpark.Domain.Tests\RequestSpark.Domain.Tests.csproj]
c:\GitHub\MarkHazleton\RequestSpark\RequestSpark.Domain.Tests\Models\ExecutionStatisticsTests.cs(50,17): warning CS1591: Missing XML comment for publicly visible type or member 'ExecutionStatisticsTests.AddResponseTime_UpdatesMinAndMax()' [c:\GitHub\MarkHazleton\RequestSpark\RequestSpark.Domain.Tests\RequestSpark.Domain.Tests.csproj]
c:\GitHub\MarkHazleton\RequestSpark\RequestSpark.Domain.Tests\Models\ExecutionStatisticsTests.cs(63,17): warning CS1591: Missing XML comment for publicly visible type or member 'ExecutionStatisticsTests.CurrentAverageResponseTime_ReturnsCorrectAverage()' [c:\GitHub\MarkHazleton\RequestSpark\RequestSpark.Domain.Tests\RequestSpark.Domain.Tests.csproj]
c:\GitHub\MarkHazleton\RequestSpark\RequestSpark.Domain.Tests\Models\ExecutionStatisticsTests.cs(75,17): warning CS1591: Missing XML comment for publicly visible type or member 'ExecutionStatisticsTests.CurrentAverageResponseTime_WithNoRequests_ReturnsZero()' [c:\GitHub\MarkHazleton\RequestSpark\RequestSpark.Domain.Tests\RequestSpark.Domain.Tests.csproj]
c:\GitHub\MarkHazleton\RequestSpark\RequestSpark.Domain.Tests\Models\ExecutionStatisticsTests.cs(83,17): warning CS1591: Missing XML comment for publicly visible type or member 'ExecutionStatisticsTests.SuccessRate_WithMixedResults_ReturnsCorrectPercentage()' [c:\GitHub\MarkHazleton\RequestSpark\RequestSpark.Domain.Tests\RequestSpark.Domain.Tests.csproj]
c:\GitHub\MarkHazleton\RequestSpark\RequestSpark.Domain.Tests\Models\ExecutionStatisticsTests.cs(98,17): warning CS1591: Missing XML comment for publicly visible type or member 'ExecutionStatisticsTests.SuccessRate_WithNoRequests_ReturnsZero()' [c:\GitHub\MarkHazleton\RequestSpark\RequestSpark.Domain.Tests\RequestSpark.Domain.Tests.csproj]
c:\GitHub\MarkHazleton\RequestSpark\RequestSpark.Domain.Tests\Models\ExecutionStatisticsTests.cs(106,17): warning CS1591: Missing XML comment for publicly visible type or member 'ExecutionStatisticsTests.GetResponseTimePercentile_ReturnsCorrectValue()' [c:\GitHub\MarkHazleton\RequestSpark\RequestSpark.Domain.Tests\RequestSpark.Domain.Tests.csproj]
c:\GitHub\MarkHazleton\RequestSpark\RequestSpark.Domain.Tests\Models\ExecutionStatisticsTests.cs(117,17): warning CS1591: Missing XML comment for publicly visible type or member 'ExecutionStatisticsTests.GetResponseTimePercentile_EmptyCollection_ReturnsZero()' [c:\GitHub\MarkHazleton\RequestSpark\RequestSpark.Domain.Tests\RequestSpark.Domain.Tests.csproj]
c:\GitHub\MarkHazleton\RequestSpark\RequestSpark.Domain.Tests\Models\ExecutionStatisticsTests.cs(125,17): warning CS1591: Missing XML comment for publicly visible type or member 'ExecutionStatisticsTests.GetResponseTimePercentile_PercentileAbove100_ThrowsArgumentOutOfRangeException()' [c:\GitHub\MarkHazleton\RequestSpark\RequestSpark.Domain.Tests\RequestSpark.Domain.Tests.csproj]
c:\GitHub\MarkHazleton\RequestSpark\RequestSpark.Domain.Tests\Models\ExecutionStatisticsTests.cs(137,17): warning CS1591: Missing XML comment for publicly visible type or member 'ExecutionStatisticsTests.GetResponseTimePercentile_NegativePercentile_ThrowsArgumentOutOfRangeException()' [c:\GitHub\MarkHazleton\RequestSpark\RequestSpark.Domain.Tests\RequestSpark.Domain.Tests.csproj]
c:\GitHub\MarkHazleton\RequestSpark\RequestSpark.Domain.Tests\Models\ExecutionStatisticsTests.cs(149,17): warning CS1591: Missing XML comment for publicly visible type or member 'ExecutionStatisticsTests.FinalizeStatistics_SetsAverageResponseTime()' [c:\GitHub\MarkHazleton\RequestSpark\RequestSpark.Domain.Tests\RequestSpark.Domain.Tests.csproj]
c:\GitHub\MarkHazleton\RequestSpark\RequestSpark.Domain.Tests\Models\ExecutionStatisticsTests.cs(161,17): warning CS1591: Missing XML comment for publicly visible type or member 'ExecutionStatisticsTests.FinalizeStatistics_SetsEndTime()' [c:\GitHub\MarkHazleton\RequestSpark\RequestSpark.Domain.Tests\RequestSpark.Domain.Tests.csproj]
c:\GitHub\MarkHazleton\RequestSpark\RequestSpark.Domain.Tests\Models\ExecutionStatisticsTests.cs(172,17): warning CS1591: Missing XML comment for publicly visible type or member 'ExecutionStatisticsTests.TotalDuration_ReturnsEndMinusStart()' [c:\GitHub\MarkHazleton\RequestSpark\RequestSpark.Domain.Tests\RequestSpark.Domain.Tests.csproj]
c:\GitHub\MarkHazleton\RequestSpark\RequestSpark.Domain.Tests\Models\ExecutionStatisticsTests.cs(182,17): warning CS1591: Missing XML comment for publicly visible type or member 'ExecutionStatisticsTests.ToString_ContainsKeyMetrics()' [c:\GitHub\MarkHazleton\RequestSpark\RequestSpark.Domain.Tests\RequestSpark.Domain.Tests.csproj]
c:\GitHub\MarkHazleton\RequestSpark\RequestSpark.Web\Services\EmployeeDtoValidator.cs(21,66): error CS1503: Argument 3: cannot convert from 'System.Collections.Generic.List<RequestSpark.Web.Services.ValidationResult>' to 'System.Collections.Generic.ICollection<System.ComponentModel.DataAnnotations.ValidationResult>?' [c:\GitHub\MarkHazleton\RequestSpark\RequestSpark.Web\RequestSpark.Web.csproj]
c:\GitHub\MarkHazleton\RequestSpark\RequestSpark.Web\Services\EmployeeDtoValidator.cs(24,39): error CS1061: 'ValidationResult' does not contain a definition for 'MemberNames' and no accessible extension method 'MemberNames' accepting a first argument of type 'ValidationResult' could be found (are you missing a using directive or an assembly reference?) [c:\GitHub\MarkHazleton\RequestSpark\RequestSpark.Web\RequestSpark.Web.csproj]
c:\GitHub\MarkHazleton\RequestSpark\RequestSpark.Web\Program.cs(220,80): error CS1593: Delegate 'RequestDelegate' does not take 2 arguments [c:\GitHub\MarkHazleton\RequestSpark\RequestSpark.Web\RequestSpark.Web.csproj]
c:\GitHub\MarkHazleton\RequestSpark\RequestSpark.Web\Program.cs(234,92): error CS1593: Delegate 'RequestDelegate' does not take 3 arguments [c:\GitHub\MarkHazleton\RequestSpark\RequestSpark.Web\RequestSpark.Web.csproj]
c:\GitHub\MarkHazleton\RequestSpark\RequestSpark.Web\Services\FileOpenApiService.Parsing.cs(256,90): error CS0136: A local or parameter named 'description' cannot be declared in this scope because that name is used in an enclosing local scope to define a local or parameter [c:\GitHub\MarkHazleton\RequestSpark\RequestSpark.Web\RequestSpark.Web.csproj]
c:\GitHub\MarkHazleton\RequestSpark\RequestSpark.Web\Services\FileOpenApiService.Parsing.cs(347,29): error CS0136: A local or parameter named 'description' cannot be declared in this scope because that name is used in an enclosing local scope to define a local or parameter [c:\GitHub\MarkHazleton\RequestSpark\RequestSpark.Web\RequestSpark.Web.csproj]
c:\GitHub\MarkHazleton\RequestSpark\RequestSpark.Web\Services\FileOpenApiService.Parsing.cs(360,86): error CS0136: A local or parameter named 'description' cannot be declared in this scope because that name is used in an enclosing local scope to define a local or parameter [c:\GitHub\MarkHazleton\RequestSpark\RequestSpark.Web\RequestSpark.Web.csproj]
    71 Warning(s)
    7 Error(s)

Time Elapsed 00:00:02.12

